// Jest Snapshot v1, https://goo.gl/fbAQLP

exports[`Dropdown Component matches snapshot 1`] = `
<DocumentFragment>
  <div
    class="dropdownWrap"
  >
    <label>
      Select an option
    </label>
    <select
      class="input"
    >
      <option
        disabled=""
        value=""
      >
        Please select
      </option>
      <option
        value="option1"
      >
        Option 1
      </option>
      <option
        value="option2"
      >
        Option 2
      </option>
      <option
        value="option3"
      >
        Option 3
      </option>
    </select>
  </div>
</DocumentFragment>
`;
